// Jest Snapshot v1, https://jestjs.io/docs/snapshot-testing

exports[`List Component snapshot 1`] = `
<RCTScrollView
  contentContainerStyle={
    {
      "gap": 12,
      "marginVertical": 10,
    }
  }
  data={
    [
      {
        "id": "1",
        "name": "Item 1",
      },
      {
        "id": "2",
        "name": "Item 2",
      },
    ]
  }
  getItem={[Function]}
  getItemCount={[Function]}
  horizontal={true}
  keyExtractor={[Function]}
  onContentSizeChange={[Function]}
  onLayout={[Function]}
  onMomentumScrollBegin={[Function]}
  onMomentumScrollEnd={[Function]}
  onScroll={[Function]}
  onScrollBeginDrag={[Function]}
  onScrollEndDrag={[Function]}
  removeClippedSubviews={false}
  renderItem={[Function]}
  scrollEventThrottle={0.0001}
  showsHorizontalScrollIndicator={false}
  stickyHeaderIndices={[]}
  viewabilityConfigCallbackPairs={[]}
>
  <View>
    <View
      onFocusCapture={[Function]}
      onLayout={[Function]}
      style={
        [
          {
            "flexDirection": "row",
          },
          null,
        ]
      }
    >
      <Text>
        Item 1
      </Text>
    </View>
    <View
      onFocusCapture={[Function]}
      onLayout={[Function]}
      style={
        [
          {
            "flexDirection": "row",
          },
          null,
        ]
      }
    >
      <Text>
        Item 2
      </Text>
    </View>
  </View>
</RCTScrollView>
`;
